2024/03/03 23:17:00 [error] 1337#1337: *2608 open() "/home/rkediplom/media/index/npm.browserify-rsa~7c01b450.57b5f2961d7146f43db9.js.map" failed (2: No such file or directory), client: 46.188.21.2, server: rkediplom.ru, request: "GET /media/index/npm.browserify-rsa~7c01b450.57b5f2961d7146f43db9.js.map HTTP/1.1", host: "rkediplom.ru"
2024/03/03 23:17:00 [error] 1337#1337: *2608 open() "/home/rkediplom/media/index/npm.create-hash~4d7098c0.39c561ba75bc2f276f6e.js.map" failed (2: No such file or directory), client: 46.188.21.2, server: rkediplom.ru, request: "GET /media/index/npm.create-hash~4d7098c0.39c561ba75bc2f276f6e.js.map HTTP/1.1", host: "rkediplom.ru"
2024/03/03 23:17:00 [error] 1336#1336: *2612 open() "/home/rkediplom/media/index/npm.create-hmac~fa77841a.78c9b6107a24c049f719.js.map" failed (2: No such file or directory), client: 46.188.21.2, server: rkediplom.ru, request: "GET /media/index/npm.create-hmac~fa77841a.78c9b6107a24c049f719.js.map HTTP/1.1", host: "rkediplom.ru"
2024/03/03 23:17:00 [error] 1336#1336: *2613 open() "/home/rkediplom/media/index/npm.url~de47f514.714abadd2b51218b6227.js.map" failed (2: No such file or directory), client: 46.188.21.2, server: rkediplom.ru, request: "GET /media/index/npm.url~de47f514.714abadd2b51218b6227.js.map HTTP/1.1", host: "rkediplom.ru"
2024/03/03 23:17:00 [error] 1336#1336: *2612 open() "/home/rkediplom/media/index/npm.css-loader~f928e598.0adc2815b4f8f1333da4.js.map" failed (2: No such file or directory), client: 46.188.21.2, server: rkediplom.ru, request: "GET /media/index/npm.css-loader~f928e598.0adc2815b4f8f1333da4.js.map HTTP/1.1", host: "rkediplom.ru"
2024/03/03 23:17:00 [error] 1337#1337: *2607 open() "/home/rkediplom/media/index/npm.symbol-observable~15473107.0a12f587db2e76fa40f7.js.map" failed (2: No such file or directory), client: 46.188.21.2, server: rkediplom.ru, request: "GET /media/index/npm.symbol-observable~15473107.0a12f587db2e76fa40f7.js.map HTTP/1.1", host: "rkediplom.ru"
2024/03/03 23:17:00 [error] 1337#1337: *2614 open() "/home/rkediplom/media/index/npm.zen-observable~41137b15.9438adb35cef0a37876f.js.map" failed (2: No such file or directory), client: 46.188.21.2, server: rkediplom.ru, request: "GET /media/index/npm.zen-observable~41137b15.9438adb35cef0a37876f.js.map HTTP/1.1", host: "rkediplom.ru"
2024/03/03 23:17:00 [error] 1337#1337: *2608 open() "/home/rkediplom/media/index/npm.vue-style-loader~8ec3862d.6ad77074d2d2d7e94859.js.map" failed (2: No such file or directory), client: 46.188.21.2, server: rkediplom.ru, request: "GET /media/index/npm.vue-style-loader~8ec3862d.6ad77074d2d2d7e94859.js.map HTTP/1.1", host: "rkediplom.ru"
2024/03/03 23:17:00 [error] 1336#1336: *2613 open() "/home/rkediplom/media/index/npm.animejs~7927e0ff.523999f4257fe4d2d2ea.js.map" failed (2: No such file or directory), client: 46.188.21.2, server: rkediplom.ru, request: "GET /media/index/npm.animejs~7927e0ff.523999f4257fe4d2d2ea.js.map HTTP/1.1", host: "rkediplom.ru"
2024/03/03 23:17:00 [error] 1336#1336: *2612 open() "/home/rkediplom/media/index/npm.ungap~20d3e45a.3e05de11b896ddd881d9.js.map" failed (2: No such file or directory), client: 46.188.21.2, server: rkediplom.ru, request: "GET /media/index/npm.ungap~20d3e45a.3e05de11b896ddd881d9.js.map HTTP/1.1", host: "rkediplom.ru"
2024/03/03 23:17:00 [error] 1337#1337: *2607 open() "/home/rkediplom/media/index/npm.vue-apollo~d8b8ae95.ec2682cdeff21fda5491.js.map" failed (2: No such file or directory), client: 46.188.21.2, server: rkediplom.ru, request: "GET /media/index/npm.vue-apollo~d8b8ae95.ec2682cdeff21fda5491.js.map HTTP/1.1", host: "rkediplom.ru"
2024/03/03 23:17:00 [error] 1337#1337: *2614 open() "/home/rkediplom/media/index/npm.base64-js~691ceb8b.f367ced317feb0f38deb.js.map" failed (2: No such file or directory), client: 46.188.21.2, server: rkediplom.ru, request: "GET /media/index/npm.base64-js~691ceb8b.f367ced317feb0f38deb.js.map HTTP/1.1", host: "rkediplom.ru"
2024/03/03 23:17:00 [error] 1337#1337: *2607 open() "/home/rkediplom/media/index/npm.bn.js~62ab5815.c731690e48fe735e2f67.js.map" failed (2: No such file or directory), client: 46.188.21.2, server: rkediplom.ru, request: "GET /media/index/npm.bn.js~62ab5815.c731690e48fe735e2f67.js.map HTTP/1.1", host: "rkediplom.ru"
2024/03/03 23:17:00 [error] 1336#1336: *2613 open() "/home/rkediplom/media/index/npm.browserify-cipher~c7576b4c.358211e3fbcc626265bb.js.map" failed (2: No such file or directory), client: 46.188.21.2, server: rkediplom.ru, request: "GET /media/index/npm.browserify-cipher~c7576b4c.358211e3fbcc626265bb.js.map HTTP/1.1", host: "rkediplom.ru"
2024/03/03 23:17:00 [error] 1337#1337: *2615 open() "/home/rkediplom/media/index/npm.brorand~c8559b75.066e3086a470523c0bc4.js.map" failed (2: No such file or directory), client: 46.188.21.2, server: rkediplom.ru, request: "GET /media/index/npm.brorand~c8559b75.066e3086a470523c0bc4.js.map HTTP/1.1", host: "rkediplom.ru"
2024/03/03 23:17:00 [error] 1337#1337: *2615 open() "/home/rkediplom/media/index/npm.buffer-xor~e021a6df.6e80019aa0f2da7f52ae.js.map" failed (2: No such file or directory), client: 46.188.21.2, server: rkediplom.ru, request: "GET /media/index/npm.buffer-xor~e021a6df.6e80019aa0f2da7f52ae.js.map HTTP/1.1", host: "rkediplom.ru"
2024/03/03 23:17:00 [error] 1336#1336: *2612 open() "/home/rkediplom/media/index/npm.cipher-base~dc3dd2be.0f15265e31f81c2fa14a.js.map" failed (2: No such file or directory), client: 46.188.21.2, server: rkediplom.ru, request: "GET /media/index/npm.cipher-base~dc3dd2be.0f15265e31f81c2fa14a.js.map HTTP/1.1", host: "rkediplom.ru"
2024/03/03 23:17:00 [error] 1337#1337: *2614 open() "/home/rkediplom/media/index/npm.console-polyfill~1c12885f.a9d4f99a955a6c2fe64b.js.map" failed (2: No such file or directory), client: 46.188.21.2, server: rkediplom.ru, request: "GET /media/index/npm.console-polyfill~1c12885f.a9d4f99a955a6c2fe64b.js.map HTTP/1.1", host: "rkediplom.ru"
2024/03/03 23:17:00 [error] 1337#1337: *2607 open() "/home/rkediplom/media/index/npm.core-util-is~daec267a.4333a2727444d2f168a8.js.map" failed (2: No such file or directory), client: 46.188.21.2, server: rkediplom.ru, request: "GET /media/index/npm.core-util-is~daec267a.4333a2727444d2f168a8.js.map HTTP/1.1", host: "rkediplom.ru"
2024/03/03 23:17:00 [error] 1337#1337: *2608 open() "/home/rkediplom/media/index/npm.create-ecdh~7420d86c.e38988eda759880c2341.js.map" failed (2: No such file or directory), client: 46.188.21.2, server: rkediplom.ru, request: "GET /media/index/npm.create-ecdh~7420d86c.e38988eda759880c2341.js.map HTTP/1.1", host: "rkediplom.ru"
2024/03/03 23:17:00 [error] 1337#1337: *2615 open() "/home/rkediplom/media/index/npm.crypto-browserify~1a0027eb.7524b64073dccf36b217.js.map" failed (2: No such file or directory), client: 46.188.21.2, server: rkediplom.ru, request: "GET /media/index/npm.crypto-browserify~1a0027eb.7524b64073dccf36b217.js.map HTTP/1.1", host: "rkediplom.ru"
2024/03/03 23:17:01 [error] 1336#1336: *2613 open() "/home/rkediplom/media/index/npm.deepmerge~d75fd778.f040b1631f1579dc97d2.js.map" failed (2: No such file or directory), client: 46.188.21.2, server: rkediplom.ru, request: "GET /media/index/npm.deepmerge~d75fd778.f040b1631f1579dc97d2.js.map HTTP/1.1", host: "rkediplom.ru"
2024/03/03 23:17:01 [error] 1337#1337: *2614 open() "/home/rkediplom/media/index/npm.fast-json-stable-stringify~b9cf1905.eab5b0551cdb57e79b59.js.map" failed (2: No such file or directory), client: 46.188.21.2, server: rkediplom.ru, request: "GET /media/index/npm.fast-json-stable-stringify~b9cf1905.eab5b0551cdb57e79b59.js.map HTTP/1.1", host: "rkediplom.ru"
2024/03/03 23:17:01 [error] 1336#1336: *2612 open() "/home/rkediplom/media/index/npm.evp_bytestokey~72652877.abe2b7e8d14121fc87d1.js.map" failed (2: No such file or directory), client: 46.188.21.2, server: rkediplom.ru, request: "GET /media/index/npm.evp_bytestokey~72652877.abe2b7e8d14121fc87d1.js.map HTTP/1.1", host: "rkediplom.ru"
2024/03/03 23:17:01 [error] 1337#1337: *2615 open() "/home/rkediplom/media/index/npm.hmac-drbg~c7d92a23.e3324d23c0d5fa1c86ca.js.map" failed (2: No such file or directory), client: 46.188.21.2, server: rkediplom.ru, request: "GET /media/index/npm.hmac-drbg~c7d92a23.e3324d23c0d5fa1c86ca.js.map HTTP/1.1", host: "rkediplom.ru"
2024/03/03 23:17:01 [error] 1337#1337: *2607 open() "/home/rkediplom/media/index/npm.graphql-tag~a5479035.78043af3106da24f8d12.js.map" failed (2: No such file or directory), client: 46.188.21.2, server: rkediplom.ru, request: "GET /media/index/npm.graphql-tag~a5479035.78043af3106da24f8d12.js.map HTTP/1.1", host: "rkediplom.ru"
2024/03/03 23:17:01 [error] 1337#1337: *2608 open() "/home/rkediplom/media/index/npm.ieee754~c6deff67.962acb7393f9c92fac31.js.map" failed (2: No such file or directory), client: 46.188.21.2, server: rkediplom.ru, request: "GET /media/index/npm.ieee754~c6deff67.962acb7393f9c92fac31.js.map HTTP/1.1", host: "rkediplom.ru"
2024/03/03 23:17:01 [error] 1336#1336: *2613 open() "/home/rkediplom/media/index/npm.inherits~803a9cee.45f7e527e2b84fec1467.js.map" failed (2: No such file or directory), client: 46.188.21.2, server: rkediplom.ru, request: "GET /media/index/npm.inherits~803a9cee.45f7e527e2b84fec1467.js.map HTTP/1.1", host: "rkediplom.ru"
2024/03/03 23:17:01 [error] 1337#1337: *2614 open() "/home/rkediplom/media/index/npm.isarray~959e3423.df0c49914fe8cff2b405.js.map" failed (2: No such file or directory), client: 46.188.21.2, server: rkediplom.ru, request: "GET /media/index/npm.isarray~959e3423.df0c49914fe8cff2b405.js.map HTTP/1.1", host: "rkediplom.ru"
2024/03/03 23:17:01 [error] 1337#1337: *2615 open() "/home/rkediplom/media/index/npm.isomorphic-unfetch~e111df8f.ab3d762fff1a80230b36.js.map" failed (2: No such file or directory), client: 46.188.21.2, server: rkediplom.ru, request: "GET /media/index/npm.isomorphic-unfetch~e111df8f.ab3d762fff1a80230b36.js.map HTTP/1.1", host: "rkediplom.ru"
2024/03/03 23:17:01 [error] 1336#1336: *2612 open() "/home/rkediplom/media/index/npm.intersection-observer~43ec74bd.b96b148d46de45b5cff9.js.map" failed (2: No such file or directory), client: 46.188.21.2, server: rkediplom.ru, request: "GET /media/index/npm.intersection-observer~43ec74bd.b96b148d46de45b5cff9.js.map HTTP/1.1", host: "rkediplom.ru"
2024/03/03 23:17:01 [error] 1337#1337: *2607 open() "/home/rkediplom/media/index/npm.js-cookie~4c46e50c.f802f18e8cf919aa8eba.js.map" failed (2: No such file or directory), client: 46.188.21.2, server: rkediplom.ru, request: "GET /media/index/npm.js-cookie~4c46e50c.f802f18e8cf919aa8eba.js.map HTTP/1.1", host: "rkediplom.ru"
2024/03/03 23:17:01 [error] 1337#1337: *2608 open() "/home/rkediplom/media/index/npm.lottie-web~57473a66.dec4c4e233b4d1583c94.js.map" failed (2: No such file or directory), client: 46.188.21.2, server: rkediplom.ru, request: "GET /media/index/npm.lottie-web~57473a66.dec4c4e233b4d1583c94.js.map HTTP/1.1", host: "rkediplom.ru"
2024/03/03 23:17:01 [error] 1337#1337: *2614 open() "/home/rkediplom/media/index/npm.md5.js~64e52cbc.f7ace725fcb1e8bb58c9.js.map" failed (2: No such file or directory), client: 46.188.21.2, server: rkediplom.ru, request: "GET /media/index/npm.md5.js~64e52cbc.f7ace725fcb1e8bb58c9.js.map HTTP/1.1", host: "rkediplom.ru"
2024/03/03 23:17:01 [error] 1337#1337: *2615 open() "/home/rkediplom/media/index/npm.minimalistic-assert~f90ecf14.d13249f769800d9cab93.js.map" failed (2: No such file or directory), client: 46.188.21.2, server: rkediplom.ru, request: "GET /media/index/npm.minimalistic-assert~f90ecf14.d13249f769800d9cab93.js.map HTTP/1.1", host: "rkediplom.ru"
2024/03/03 23:17:01 [error] 1336#1336: *2613 open() "/home/rkediplom/media/index/npm.miller-rabin~25d3f61c.2afd35e10890011f0a8e.js.map" failed (2: No such file or directory), client: 46.188.21.2, server: rkediplom.ru, request: "GET /media/index/npm.miller-rabin~25d3f61c.2afd35e10890011f0a8e.js.map HTTP/1.1", host: "rkediplom.ru"
2024/03/03 23:17:01 [error] 1336#1336: *2612 open() "/home/rkediplom/media/index/npm.minimalistic-crypto-utils~7d0c1b1b.be9245b2e2c532d72742.js.map" failed (2: No such file or directory), client: 46.188.21.2, server: rkediplom.ru, request: "GET /media/index/npm.minimalistic-crypto-utils~7d0c1b1b.be9245b2e2c532d72742.js.map HTTP/1.1", host: "rkediplom.ru"
2024/03/03 23:17:01 [error] 1337#1337: *2607 open() "/home/rkediplom/media/index/npm.optimism~0fa799fb.48d4b48f01c6cd0564a7.js.map" failed (2: No such file or directory), client: 46.188.21.2, server: rkediplom.ru, request: "GET /media/index/npm.optimism~0fa799fb.48d4b48f01c6cd0564a7.js.map HTTP/1.1", host: "rkediplom.ru"
2024/03/03 23:17:01 [error] 1337#1337: *2614 open() "/home/rkediplom/media/index/npm.process~16c59945.0001bd3cc7e83fc9573e.js.map" failed (2: No such file or directory), client: 46.188.21.2, server: rkediplom.ru, request: "GET /media/index/npm.process~16c59945.0001bd3cc7e83fc9573e.js.map HTTP/1.1", host: "rkediplom.ru"
2024/03/03 23:17:01 [error] 1337#1337: *2608 open() "/home/rkediplom/media/index/npm.process-nextick-args~02019c91.679ef5e07c01ca22f5a4.js.map" failed (2: No such file or directory), client: 46.188.21.2, server: rkediplom.ru, request: "GET /media/index/npm.process-nextick-args~02019c91.679ef5e07c01ca22f5a4.js.map HTTP/1.1", host: "rkediplom.ru"
2024/03/03 23:17:01 [error] 1337#1337: *2615 open() "/home/rkediplom/media/index/npm.randombytes~e97c71ff.87bb11e128c26f375d0e.js.map" failed (2: No such file or directory), client: 46.188.21.2, server: rkediplom.ru, request: "GET /media/index/npm.randombytes~e97c71ff.87bb11e128c26f375d0e.js.map HTTP/1.1", host: "rkediplom.ru"
2024/03/03 23:17:01 [error] 1336#1336: *2613 open() "/home/rkediplom/media/index/npm.randomfill~fc29598e.6e2868d6a0b6982fd7a6.js.map" failed (2: No such file or directory), client: 46.188.21.2, server: rkediplom.ru, request: "GET /media/index/npm.randomfill~fc29598e.6e2868d6a0b6982fd7a6.js.map HTTP/1.1", host: "rkediplom.ru"
2024/03/03 23:17:01 [error] 1336#1336: *2612 open() "/home/rkediplom/media/index/npm.regenerator-runtime~ccfd30e1.8da4a6d1aa78dea64e44.js.map" failed (2: No such file or directory), client: 46.188.21.2, server: rkediplom.ru, request: "GET /media/index/npm.regenerator-runtime~ccfd30e1.8da4a6d1aa78dea64e44.js.map HTTP/1.1", host: "rkediplom.ru"
2024/03/03 23:17:01 [error] 1337#1337: *2607 open() "/home/rkediplom/media/index/npm.ripemd160~fd83f0ff.66b4f28e590549c9e9cc.js.map" failed (2: No such file or directory), client: 46.188.21.2, server: rkediplom.ru, request: "GET /media/index/npm.ripemd160~fd83f0ff.66b4f28e590549c9e9cc.js.map HTTP/1.1", host: "rkediplom.ru"
2024/03/03 23:17:01 [error] 1337#1337: *2614 open() "/home/rkediplom/media/index/npm.safe-buffer~2975ef34.8da850829dcc5a73d8cc.js.map" failed (2: No such file or directory), client: 46.188.21.2, server: rkediplom.ru, request: "GET /media/index/npm.safe-buffer~2975ef34.8da850829dcc5a73d8cc.js.map HTTP/1.1", host: "rkediplom.ru"
2024/03/03 23:17:01 [error] 1337#1337: *2608 open() "/home/rkediplom/media/index/npm.safer-buffer~7f5514eb.ae39846f2199032b18ea.js.map" failed (2: No such file or directory), client: 46.188.21.2, server: rkediplom.ru, request: "GET /media/index/npm.safer-buffer~7f5514eb.ae39846f2199032b18ea.js.map HTTP/1.1", host: "rkediplom.ru"
2024/03/03 23:17:01 [error] 1336#1336: *2613 open() "/home/rkediplom/media/index/npm.stream-browserify~dc371a54.21138ca8e0601313318c.js.map" failed (2: No such file or directory), client: 46.188.21.2, server: rkediplom.ru, request: "GET /media/index/npm.stream-browserify~dc371a54.21138ca8e0601313318c.js.map HTTP/1.1", host: "rkediplom.ru"
2024/03/03 23:17:01 [error] 1337#1337: *2615 open() "/home/rkediplom/media/index/npm.string_decoder~7cac870f.8ce2eb6e567e0a655642.js.map" failed (2: No such file or directory), client: 46.188.21.2, server: rkediplom.ru, request: "GET /media/index/npm.string_decoder~7cac870f.8ce2eb6e567e0a655642.js.map HTTP/1.1", host: "rkediplom.ru"
2024/03/03 23:17:01 [error] 1336#1336: *2612 open() "/home/rkediplom/media/index/npm.tslib~73d8ab38.ebadad906eb9b4fa952a.js.map" failed (2: No such file or directory), client: 46.188.21.2, server: rkediplom.ru, request: "GET /media/index/npm.tslib~73d8ab38.ebadad906eb9b4fa952a.js.map HTTP/1.1", host: "rkediplom.ru"
2024/03/03 23:17:01 [error] 1337#1337: *2607 open() "/home/rkediplom/media/index/npm.unfetch~45fb2b4f.a40505ec241185a46c41.js.map" failed (2: No such file or directory), client: 46.188.21.2, server: rkediplom.ru, request: "GET /media/index/npm.unfetch~45fb2b4f.a40505ec241185a46c41.js.map HTTP/1.1", host: "rkediplom.ru"
2024/03/03 23:17:01 [error] 1337#1337: *2614 open() "/home/rkediplom/media/index/npm.util-deprecate~14772377.6c03a6db99a372ae555a.js.map" failed (2: No such file or directory), client: 46.188.21.2, server: rkediplom.ru, request: "GET /media/index/npm.util-deprecate~14772377.6c03a6db99a372ae555a.js.map HTTP/1.1", host: "rkediplom.ru"
2024/03/03 23:17:01 [error] 1336#1336: *2613 open() "/home/rkediplom/media/index/npm.vue-event-handler~925cd78c.3c7e605bb89711abbf23.js.map" failed (2: No such file or directory), client: 46.188.21.2, server: rkediplom.ru, request: "GET /media/index/npm.vue-event-handler~925cd78c.3c7e605bb89711abbf23.js.map HTTP/1.1", host: "rkediplom.ru"
2024/03/03 23:17:01 [error] 1337#1337: *2615 open() "/home/rkediplom/media/index/npm.vue-gettext~9ec5acf7.d9270e38aaa3052f91de.js.map" failed (2: No such file or directory), client: 46.188.21.2, server: rkediplom.ru, request: "GET /media/index/npm.vue-gettext~9ec5acf7.d9270e38aaa3052f91de.js.map HTTP/1.1", host: "rkediplom.ru"
2024/03/03 23:17:01 [error] 1337#1337: *2608 open() "/home/rkediplom/media/index/npm.vue-analytics~320713c8.bb120cb3c083dc18e5b1.js.map" failed (2: No such file or directory), client: 46.188.21.2, server: rkediplom.ru, request: "GET /media/index/npm.vue-analytics~320713c8.bb120cb3c083dc18e5b1.js.map HTTP/1.1", host: "rkediplom.ru"
2024/03/03 23:17:01 [error] 1336#1336: *2612 open() "/home/rkediplom/media/index/npm.vue-loader~06e90eef.74118628819173089552.js.map" failed (2: No such file or directory), client: 46.188.21.2, server: rkediplom.ru, request: "GET /media/index/npm.vue-loader~06e90eef.74118628819173089552.js.map HTTP/1.1", host: "rkediplom.ru"
2024/03/03 23:17:01 [error] 1337#1337: *2614 open() "/home/rkediplom/media/index/npm.vue-meta~3c3607e7.afbe9697426f7db33a78.js.map" failed (2: No such file or directory), client: 46.188.21.2, server: rkediplom.ru, request: "GET /media/index/npm.vue-meta~3c3607e7.afbe9697426f7db33a78.js.map HTTP/1.1", host: "rkediplom.ru"
2024/03/03 23:17:01 [error] 1337#1337: *2615 open() "/home/rkediplom/media/index/npm.vue-router~b1f96ece.a01b7d548a39a69d4f83.js.map" failed (2: No such file or directory), client: 46.188.21.2, server: rkediplom.ru, request: "GET /media/index/npm.vue-router~b1f96ece.a01b7d548a39a69d4f83.js.map HTTP/1.1", host: "rkediplom.ru"
2024/03/03 23:17:01 [error] 1336#1336: *2613 open() "/home/rkediplom/media/index/npm.vue~daa565d3.e417207a9faee897c137.js.map" failed (2: No such file or directory), client: 46.188.21.2, server: rkediplom.ru, request: "GET /media/index/npm.vue~daa565d3.e417207a9faee897c137.js.map HTTP/1.1", host: "rkediplom.ru"
2024/03/03 23:17:01 [error] 1336#1336: *2612 open() "/home/rkediplom/media/index/npm.whatwg-fetch~2a85e171.9abd33717de6019d4bae.js.map" failed (2: No such file or directory), client: 46.188.21.2, server: rkediplom.ru, request: "GET /media/index/npm.whatwg-fetch~2a85e171.9abd33717de6019d4bae.js.map HTTP/1.1", host: "rkediplom.ru"
2024/03/03 23:17:01 [error] 1337#1337: *2607 open() "/home/rkediplom/media/index/main~748942c6.ec8fa9fc78dc96bd7cc0.js.map" failed (2: No such file or directory), client: 46.188.21.2, server: rkediplom.ru, request: "GET /media/index/main~748942c6.ec8fa9fc78dc96bd7cc0.js.map HTTP/1.1", host: "rkediplom.ru"
2024/03/03 23:17:01 [error] 1336#1336: *2612 open() "/home/rkediplom/media/index/npm.three~52589227.8d710d6b774bc297061e.js.map" failed (2: No such file or directory), client: 46.188.21.2, server: rkediplom.ru, request: "GET /media/index/npm.three~52589227.8d710d6b774bc297061e.js.map HTTP/1.1", host: "rkediplom.ru"
2024/03/03 23:17:01 [error] 1337#1337: *2615 open() "/home/rkediplom/media/index/npm.plyr~ae89ab2c.9987a3a2b5351cc9b64f.js.map" failed (2: No such file or directory), client: 46.188.21.2, server: rkediplom.ru, request: "GET /media/index/npm.plyr~ae89ab2c.9987a3a2b5351cc9b64f.js.map HTTP/1.1", host: "rkediplom.ru"
2024/03/03 23:17:01 [error] 1336#1336: *2613 open() "/home/rkediplom/media/index/npm.vue-plyr~29b5c357.abe8c9abafbd1bd51aa7.js.map" failed (2: No such file or directory), client: 46.188.21.2, server: rkediplom.ru, request: "GET /media/index/npm.vue-plyr~29b5c357.abe8c9abafbd1bd51aa7.js.map HTTP/1.1", host: "rkediplom.ru"
2024/03/03 23:17:01 [error] 1337#1337: *2614 open() "/home/rkediplom/media/index/npm.slugify~1b29307a.73cce6680c1b8b9a25cd.js.map" failed (2: No such file or directory), client: 46.188.21.2, server: rkediplom.ru, request: "GET /media/index/npm.slugify~1b29307a.73cce6680c1b8b9a25cd.js.map HTTP/1.1", host: "rkediplom.ru"
2024/03/03 23:17:01 [error] 1337#1337: *2608 open() "/home/rkediplom/media/index/npm.axios~e4173fa2.7a26fd1753f7ca94a763.js.map" failed (2: No such file or directory), client: 46.188.21.2, server: rkediplom.ru, request: "GET /media/index/npm.axios~e4173fa2.7a26fd1753f7ca94a763.js.map HTTP/1.1", host: "rkediplom.ru"
2024/03/03 23:17:01 [error] 1337#1337: *2607 open() "/home/rkediplom/media/index/npm.tweenjs~6ffbf678.794a534413e8c9715aaa.js.map" failed (2: No such file or directory), client: 46.188.21.2, server: rkediplom.ru, request: "GET /media/index/npm.tweenjs~6ffbf678.794a534413e8c9715aaa.js.map HTTP/1.1", host: "rkediplom.ru"
2024/03/03 23:17:01 [error] 1336#1336: *2612 open() "/home/rkediplom/media/index/npm.jszip~ee79c5fb.d5920cf7b5859f447c77.js.map" failed (2: No such file or directory), client: 46.188.21.2, server: rkediplom.ru, request: "GET /media/index/npm.jszip~ee79c5fb.d5920cf7b5859f447c77.js.map HTTP/1.1", host: "rkediplom.ru"
2024/03/03 23:17:01 [error] 1337#1337: *2615 open() "/home/rkediplom/media/index/npm.panolens~45f903fa.96f3f82b8f7e54278c5e.js.map" failed (2: No such file or directory), client: 46.188.21.2, server: rkediplom.ru, request: "GET /media/index/npm.panolens~45f903fa.96f3f82b8f7e54278c5e.js.map HTTP/1.1", host: "rkediplom.ru"
2024/03/03 23:17:01 [error] 1336#1336: *2613 open() "/home/rkediplom/media/index/npm.three-css3drenderer~bae8ee30.7e669743f7506dcba8a3.js.map" failed (2: No such file or directory), client: 46.188.21.2, server: rkediplom.ru, request: "GET /media/index/npm.three-css3drenderer~bae8ee30.7e669743f7506dcba8a3.js.map HTTP/1.1", host: "rkediplom.ru"
2024/03/03 23:17:01 [error] 1337#1337: *2608 open() "/home/rkediplom/media/index/page-about~page-calendar~page-home~page-virtual-popup~8a08f92d.d90115bee46bd15b0521.js.map" failed (2: No such file or directory), client: 46.188.21.2, server: rkediplom.ru, request: "GET /media/index/page-about~page-calendar~page-home~page-virtual-popup~8a08f92d.d90115bee46bd15b0521.js.map HTTP/1.1", host: "rkediplom.ru"
2024/03/03 23:17:01 [error] 1337#1337: *2614 open() "/home/rkediplom/media/index/page-home~page-virtual-popup~b8ccc773.c3daafbb6770ff3d24a9.js.map" failed (2: No such file or directory), client: 46.188.21.2, server: rkediplom.ru, request: "GET /media/index/page-home~page-virtual-popup~b8ccc773.c3daafbb6770ff3d24a9.js.map HTTP/1.1", host: "rkediplom.ru"
2024/03/03 23:17:01 [error] 1337#1337: *2607 open() "/home/rkediplom/media/index/page-about~page-virtual-popup~2a7aac33.c59d0ac724caeeb6ce27.js.map" failed (2: No such file or directory), client: 46.188.21.2, server: rkediplom.ru, request: "GET /media/index/page-about~page-virtual-popup~2a7aac33.c59d0ac724caeeb6ce27.js.map HTTP/1.1", host: "rkediplom.ru"
2024/03/03 23:17:01 [error] 1336#1336: *2612 open() "/home/rkediplom/media/index/page-calendar~page-virtual-popup~c0e72dea.560c81aacaa20265fac8.js.map" failed (2: No such file or directory), client: 46.188.21.2, server: rkediplom.ru, request: "GET /media/index/page-calendar~page-virtual-popup~c0e72dea.560c81aacaa20265fac8.js.map HTTP/1.1", host: "rkediplom.ru"
2024/03/03 23:17:01 [error] 1337#1337: *2615 open() "/home/rkediplom/media/index/page-virtual-popup~f71cff67.773e27460d32d0ec4326.js.map" failed (2: No such file or directory), client: 46.188.21.2, server: rkediplom.ru, request: "GET /media/index/page-virtual-popup~f71cff67.773e27460d32d0ec4326.js.map HTTP/1.1", host: "rkediplom.ru"
2024/03/03 23:39:14 [error] 1337#1337: *2666 upstream prematurely closed connection while reading response header from upstream, client: 46.188.21.2, server: rkediplom.ru, request: "GET /favicon.ico HTTP/1.1", upstream: "uwsgi://unix:///home/rkediplom/configs/rkediplom_uwsgi.sock:", host: "rkediplom.ru", referrer: "https://rkediplom.ru/rk_admin/"
2024/03/03 23:39:23 [error] 1337#1337: *2666 upstream prematurely closed connection while reading response header from upstream, client: 46.188.21.2, server: rkediplom.ru, request: "GET /favicon.ico HTTP/1.1", upstream: "uwsgi://unix:///home/rkediplom/configs/rkediplom_uwsgi.sock:", host: "rkediplom.ru", referrer: "https://rkediplom.ru/rk_admin/wiki/tasks/"
2024/03/03 23:41:08 [error] 1337#1337: *2676 upstream prematurely closed connection while reading response header from upstream, client: 128.199.133.206, server: rkediplom.ru, request: "HEAD /xmlrpc.php HTTP/1.1", upstream: "uwsgi://unix:///home/rkediplom/configs/rkediplom_uwsgi.sock:", host: "rkediplom.ru"
2024/03/03 23:41:41 [error] 1337#1337: *2679 upstream prematurely closed connection while reading response header from upstream, client: 128.199.133.206, server: rkediplom.ru, request: "GET /wp-login.php HTTP/1.1", upstream: "uwsgi://unix:///home/rkediplom/configs/rkediplom_uwsgi.sock:", host: "rkediplom.ru"
2024/03/03 23:41:43 [error] 1337#1337: *2682 upstream prematurely closed connection while reading response header from upstream, client: 128.199.133.206, server: rkediplom.ru, request: "HEAD /wp/xmlrpc.php HTTP/1.1", upstream: "uwsgi://unix:///home/rkediplom/configs/rkediplom_uwsgi.sock:", host: "rkediplom.ru"
2024/03/03 23:41:45 [error] 1337#1337: *2685 upstream prematurely closed connection while reading response header from upstream, client: 128.199.133.206, server: rkediplom.ru, request: "HEAD /wordpress/xmlrpc.php HTTP/1.1", upstream: "uwsgi://unix:///home/rkediplom/configs/rkediplom_uwsgi.sock:", host: "rkediplom.ru"
2024/03/03 23:41:47 [error] 1337#1337: *2688 upstream prematurely closed connection while reading response header from upstream, client: 128.199.133.206, server: rkediplom.ru, request: "HEAD /old/xmlrpc.php HTTP/1.1", upstream: "uwsgi://unix:///home/rkediplom/configs/rkediplom_uwsgi.sock:", host: "rkediplom.ru"
2024/03/03 23:41:49 [error] 1337#1337: *2691 upstream prematurely closed connection while reading response header from upstream, client: 128.199.133.206, server: rkediplom.ru, request: "HEAD /new/xmlrpc.php HTTP/1.1", upstream: "uwsgi://unix:///home/rkediplom/configs/rkediplom_uwsgi.sock:", host: "rkediplom.ru"
2024/03/03 23:41:50 [error] 1337#1337: *2694 upstream prematurely closed connection while reading response header from upstream, client: 128.199.133.206, server: rkediplom.ru, request: "HEAD /blog/xmlrpc.php HTTP/1.1", upstream: "uwsgi://unix:///home/rkediplom/configs/rkediplom_uwsgi.sock:", host: "rkediplom.ru"
2024/03/04 00:46:04 [error] 1337#1337: *2732 upstream prematurely closed connection while reading response header from upstream, client: 176.53.218.86, server: rkediplom.ru, request: "GET /favicon.ico HTTP/1.1", upstream: "uwsgi://unix:///home/rkediplom/configs/rkediplom_uwsgi.sock:", host: "rkediplom.ru"
2024/03/04 00:46:04 [error] 1337#1337: *2732 upstream prematurely closed connection while reading response header from upstream, client: 176.53.218.86, server: rkediplom.ru, request: "GET /favicon.ico HTTP/1.1", upstream: "uwsgi://unix:///home/rkediplom/configs/rkediplom_uwsgi.sock:", host: "rkediplom.ru"
2024/03/04 00:46:05 [error] 1337#1337: *2730 upstream prematurely closed connection while reading response header from upstream, client: 176.53.220.11, server: rkediplom.ru, request: "GET /favicon.ico HTTP/1.1", upstream: "uwsgi://unix:///home/rkediplom/configs/rkediplom_uwsgi.sock:", host: "rkediplom.ru"
2024/03/04 00:46:06 [error] 1337#1337: *2730 upstream prematurely closed connection while reading response header from upstream, client: 176.53.220.11, server: rkediplom.ru, request: "GET /favicon.ico HTTP/1.1", upstream: "uwsgi://unix:///home/rkediplom/configs/rkediplom_uwsgi.sock:", host: "rkediplom.ru"
2024/03/04 01:51:27 [error] 1337#1337: *2766 upstream prematurely closed connection while reading response header from upstream, client: 95.108.213.206, server: rkediplom.ru, request: "GET /robots.txt HTTP/1.1", upstream: "uwsgi://unix:///home/rkediplom/configs/rkediplom_uwsgi.sock:", host: "rkediplom.ru"
2024/03/04 01:51:28 [error] 1337#1337: *2769 upstream prematurely closed connection while reading response header from upstream, client: 87.250.224.43, server: rkediplom.ru, request: "GET /robots.txt HTTP/1.1", upstream: "uwsgi://unix:///home/rkediplom/configs/rkediplom_uwsgi.sock:", host: "rkediplom.ru"
2024/03/04 02:17:38 [error] 1337#1337: *2788 open() "/home/rkediplom/media/favicon/manifest.js" failed (2: No such file or directory), client: 35.90.158.102, server: rkediplom.ru, request: "GET /media/favicon/manifest.js HTTP/1.1", host: "rkediplom.ru"
2024/03/04 02:17:56 [error] 1337#1337: *2794 open() "/home/rkediplom/media/favicon/manifest.js" failed (2: No such file or directory), client: 35.90.158.102, server: rkediplom.ru, request: "GET /media/favicon/manifest.js HTTP/1.1", host: "rkediplom.ru"
2024/03/04 02:18:15 [error] 1337#1337: *2807 open() "/home/rkediplom/media/favicon/manifest.js" failed (2: No such file or directory), client: 35.90.158.102, server: rkediplom.ru, request: "GET /media/favicon/manifest.js HTTP/1.1", host: "rkediplom.ru"
2024/03/04 02:18:34 [error] 1337#1337: *2812 open() "/home/rkediplom/media/favicon/manifest.js" failed (2: No such file or directory), client: 35.90.158.102, server: rkediplom.ru, request: "GET /media/favicon/manifest.js HTTP/1.1", host: "rkediplom.ru"
2024/03/04 02:18:52 [error] 1337#1337: *2823 open() "/home/rkediplom/media/favicon/manifest.js" failed (2: No such file or directory), client: 35.90.158.102, server: rkediplom.ru, request: "GET /media/favicon/manifest.js HTTP/1.1", host: "rkediplom.ru"
2024/03/04 03:07:23 [error] 1337#1337: *2847 upstream prematurely closed connection while reading response header from upstream, client: 89.104.111.216, server: rkediplom.ru, request: "GET /merchant/code HTTP/1.1", upstream: "uwsgi://unix:///home/rkediplom/configs/rkediplom_uwsgi.sock:", host: "rkediplom.ru"
2024/03/04 03:07:24 [error] 1337#1337: *2847 upstream prematurely closed connection while reading response header from upstream, client: 89.104.111.216, server: rkediplom.ru, request: "GET /merchant/code HTTP/1.1", upstream: "uwsgi://unix:///home/rkediplom/configs/rkediplom_uwsgi.sock:", host: "rkediplom.ru"
2024/03/04 03:07:25 [error] 1337#1337: *2851 upstream prematurely closed connection while reading response header from upstream, client: 176.53.217.73, server: rkediplom.ru, request: "GET /favicon.ico HTTP/1.1", upstream: "uwsgi://unix:///home/rkediplom/configs/rkediplom_uwsgi.sock:", host: "rkediplom.ru"
2024/03/04 03:07:25 [error] 1337#1337: *2851 upstream prematurely closed connection while reading response header from upstream, client: 176.53.217.73, server: rkediplom.ru, request: "GET /favicon.ico HTTP/1.1", upstream: "uwsgi://unix:///home/rkediplom/configs/rkediplom_uwsgi.sock:", host: "rkediplom.ru"
2024/03/04 03:07:26 [error] 1337#1337: *2847 upstream prematurely closed connection while reading response header from upstream, client: 89.104.111.216, server: rkediplom.ru, request: "GET /favicon.ico HTTP/1.1", upstream: "uwsgi://unix:///home/rkediplom/configs/rkediplom_uwsgi.sock:", host: "rkediplom.ru"
2024/03/04 03:07:28 [error] 1337#1337: *2847 upstream prematurely closed connection while reading response header from upstream, client: 89.104.111.216, server: rkediplom.ru, request: "GET /favicon.ico HTTP/1.1", upstream: "uwsgi://unix:///home/rkediplom/configs/rkediplom_uwsgi.sock:", host: "rkediplom.ru"
2024/03/04 03:07:28 [error] 1337#1337: *2851 upstream prematurely closed connection while reading response header from upstream, client: 176.53.217.73, server: rkediplom.ru, request: "GET /merchant/code HTTP/1.1", upstream: "uwsgi://unix:///home/rkediplom/configs/rkediplom_uwsgi.sock:", host: "rkediplom.ru"
2024/03/04 03:07:29 [error] 1337#1337: *2851 upstream prematurely closed connection while reading response header from upstream, client: 176.53.217.73, server: rkediplom.ru, request: "GET /merchant/code HTTP/1.1", upstream: "uwsgi://unix:///home/rkediplom/configs/rkediplom_uwsgi.sock:", host: "rkediplom.ru"
2024/03/04 03:07:29 [error] 1337#1337: *2851 upstream prematurely closed connection while reading response header from upstream, client: 176.53.217.73, server: rkediplom.ru, request: "GET /favicon.ico HTTP/1.1", upstream: "uwsgi://unix:///home/rkediplom/configs/rkediplom_uwsgi.sock:", host: "rkediplom.ru"
2024/03/04 03:07:29 [error] 1337#1337: *2851 upstream prematurely closed connection while reading response header from upstream, client: 176.53.217.73, server: rkediplom.ru, request: "GET /favicon.ico HTTP/1.1", upstream: "uwsgi://unix:///home/rkediplom/configs/rkediplom_uwsgi.sock:", host: "rkediplom.ru"
2024/03/04 03:07:31 [error] 1337#1337: *2847 upstream prematurely closed connection while reading response header from upstream, client: 89.104.111.216, server: rkediplom.ru, request: "GET /3ds.php HTTP/1.1", upstream: "uwsgi://unix:///home/rkediplom/configs/rkediplom_uwsgi.sock:", host: "rkediplom.ru"
2024/03/04 03:07:32 [error] 1337#1337: *2847 upstream prematurely closed connection while reading response header from upstream, client: 89.104.111.216, server: rkediplom.ru, request: "GET /3ds.php HTTP/1.1", upstream: "uwsgi://unix:///home/rkediplom/configs/rkediplom_uwsgi.sock:", host: "rkediplom.ru"
2024/03/04 03:07:32 [error] 1337#1337: *2851 upstream prematurely closed connection while reading response header from upstream, client: 176.53.217.73, server: rkediplom.ru, request: "GET /favicon.ico HTTP/1.1", upstream: "uwsgi://unix:///home/rkediplom/configs/rkediplom_uwsgi.sock:", host: "rkediplom.ru"
2024/03/04 03:07:32 [error] 1337#1337: *2851 upstream prematurely closed connection while reading response header from upstream, client: 176.53.217.73, server: rkediplom.ru, request: "GET /favicon.ico HTTP/1.1", upstream: "uwsgi://unix:///home/rkediplom/configs/rkediplom_uwsgi.sock:", host: "rkediplom.ru"
2024/03/04 03:07:33 [error] 1337#1337: *2847 upstream prematurely closed connection while reading response header from upstream, client: 89.104.111.216, server: rkediplom.ru, request: "GET /favicon.ico HTTP/1.1", upstream: "uwsgi://unix:///home/rkediplom/configs/rkediplom_uwsgi.sock:", host: "rkediplom.ru"
2024/03/04 03:07:33 [error] 1337#1337: *2847 upstream prematurely closed connection while reading response header from upstream, client: 89.104.111.216, server: rkediplom.ru, request: "GET /favicon.ico HTTP/1.1", upstream: "uwsgi://unix:///home/rkediplom/configs/rkediplom_uwsgi.sock:", host: "rkediplom.ru"
2024/03/04 03:07:34 [error] 1337#1337: *2851 upstream prematurely closed connection while reading response header from upstream, client: 176.53.217.73, server: rkediplom.ru, request: "GET /3ds.php HTTP/1.1", upstream: "uwsgi://unix:///home/rkediplom/configs/rkediplom_uwsgi.sock:", host: "rkediplom.ru"
2024/03/04 03:07:34 [error] 1337#1337: *2851 upstream prematurely closed connection while reading response header from upstream, client: 176.53.217.73, server: rkediplom.ru, request: "GET /3ds.php HTTP/1.1", upstream: "uwsgi://unix:///home/rkediplom/configs/rkediplom_uwsgi.sock:", host: "rkediplom.ru"
2024/03/04 03:07:34 [error] 1337#1337: *2851 upstream prematurely closed connection while reading response header from upstream, client: 176.53.217.73, server: rkediplom.ru, request: "GET /favicon.ico HTTP/1.1", upstream: "uwsgi://unix:///home/rkediplom/configs/rkediplom_uwsgi.sock:", host: "rkediplom.ru"
2024/03/04 03:07:34 [error] 1337#1337: *2851 upstream prematurely closed connection while reading response header from upstream, client: 176.53.217.73, server: rkediplom.ru, request: "GET /favicon.ico HTTP/1.1", upstream: "uwsgi://unix:///home/rkediplom/configs/rkediplom_uwsgi.sock:", host: "rkediplom.ru"
2024/03/04 03:07:35 [error] 1337#1337: *2847 upstream prematurely closed connection while reading response header from upstream, client: 89.104.111.216, server: rkediplom.ru, request: "GET /merchant/z/payment/?order=1 HTTP/1.1", upstream: "uwsgi://unix:///home/rkediplom/configs/rkediplom_uwsgi.sock:", host: "rkediplom.ru"
2024/03/04 03:07:36 [error] 1337#1337: *2847 upstream prematurely closed connection while reading response header from upstream, client: 89.104.111.216, server: rkediplom.ru, request: "GET /merchant/z/payment/?order=1 HTTP/1.1", upstream: "uwsgi://unix:///home/rkediplom/configs/rkediplom_uwsgi.sock:", host: "rkediplom.ru"
2024/03/04 03:07:37 [error] 1337#1337: *2851 upstream prematurely closed connection while reading response header from upstream, client: 176.53.217.73, server: rkediplom.ru, request: "GET /favicon.ico HTTP/1.1", upstream: "uwsgi://unix:///home/rkediplom/configs/rkediplom_uwsgi.sock:", host: "rkediplom.ru"
2024/03/04 03:07:37 [error] 1337#1337: *2851 upstream prematurely closed connection while reading response header from upstream, client: 176.53.217.73, server: rkediplom.ru, request: "GET /favicon.ico HTTP/1.1", upstream: "uwsgi://unix:///home/rkediplom/configs/rkediplom_uwsgi.sock:", host: "rkediplom.ru"
2024/03/04 03:07:37 [error] 1337#1337: *2847 upstream prematurely closed connection while reading response header from upstream, client: 89.104.111.216, server: rkediplom.ru, request: "GET /favicon.ico HTTP/1.1", upstream: "uwsgi://unix:///home/rkediplom/configs/rkediplom_uwsgi.sock:", host: "rkediplom.ru"
2024/03/04 03:07:38 [error] 1337#1337: *2847 upstream prematurely closed connection while reading response header from upstream, client: 89.104.111.216, server: rkediplom.ru, request: "GET /favicon.ico HTTP/1.1", upstream: "uwsgi://unix:///home/rkediplom/configs/rkediplom_uwsgi.sock:", host: "rkediplom.ru"
2024/03/04 03:07:38 [error] 1337#1337: *2851 upstream prematurely closed connection while reading response header from upstream, client: 176.53.217.73, server: rkediplom.ru, request: "GET /merchant/z/payment/?order=1 HTTP/1.1", upstream: "uwsgi://unix:///home/rkediplom/configs/rkediplom_uwsgi.sock:", host: "rkediplom.ru"
2024/03/04 03:07:38 [error] 1337#1337: *2851 upstream prematurely closed connection while reading response header from upstream, client: 176.53.217.73, server: rkediplom.ru, request: "GET /merchant/z/payment/?order=1 HTTP/1.1", upstream: "uwsgi://unix:///home/rkediplom/configs/rkediplom_uwsgi.sock:", host: "rkediplom.ru"
2024/03/04 03:07:39 [error] 1337#1337: *2851 upstream prematurely closed connection while reading response header from upstream, client: 176.53.217.73, server: rkediplom.ru, request: "GET /favicon.ico HTTP/1.1", upstream: "uwsgi://unix:///home/rkediplom/configs/rkediplom_uwsgi.sock:", host: "rkediplom.ru"
2024/03/04 03:07:39 [error] 1337#1337: *2851 upstream prematurely closed connection while reading response header from upstream, client: 176.53.217.73, server: rkediplom.ru, request: "GET /favicon.ico HTTP/1.1", upstream: "uwsgi://unix:///home/rkediplom/configs/rkediplom_uwsgi.sock:", host: "rkediplom.ru"
2024/03/04 03:07:39 [error] 1337#1337: *2847 upstream prematurely closed connection while reading response header from upstream, client: 89.104.111.216, server: rkediplom.ru, request: "GET /3ds1633693954432212 HTTP/1.1", upstream: "uwsgi://unix:///home/rkediplom/configs/rkediplom_uwsgi.sock:", host: "rkediplom.ru"
2024/03/04 03:07:40 [error] 1337#1337: *2847 upstream prematurely closed connection while reading response header from upstream, client: 89.104.111.216, server: rkediplom.ru, request: "GET /3ds1633693954432212 HTTP/1.1", upstream: "uwsgi://unix:///home/rkediplom/configs/rkediplom_uwsgi.sock:", host: "rkediplom.ru"
2024/03/04 03:07:41 [error] 1337#1337: *2851 upstream prematurely closed connection while reading response header from upstream, client: 176.53.217.73, server: rkediplom.ru, request: "GET /favicon.ico HTTP/1.1", upstream: "uwsgi://unix:///home/rkediplom/configs/rkediplom_uwsgi.sock:", host: "rkediplom.ru"
2024/03/04 03:07:41 [error] 1337#1337: *2851 upstream prematurely closed connection while reading response header from upstream, client: 176.53.217.73, server: rkediplom.ru, request: "GET /favicon.ico HTTP/1.1", upstream: "uwsgi://unix:///home/rkediplom/configs/rkediplom_uwsgi.sock:", host: "rkediplom.ru"
2024/03/04 03:07:41 [error] 1337#1337: *2847 upstream prematurely closed connection while reading response header from upstream, client: 89.104.111.216, server: rkediplom.ru, request: "GET /favicon.ico HTTP/1.1", upstream: "uwsgi://unix:///home/rkediplom/configs/rkediplom_uwsgi.sock:", host: "rkediplom.ru"
2024/03/04 03:07:43 [error] 1337#1337: *2847 upstream prematurely closed connection while reading response header from upstream, client: 89.104.111.216, server: rkediplom.ru, request: "GET /favicon.ico HTTP/1.1", upstream: "uwsgi://unix:///home/rkediplom/configs/rkediplom_uwsgi.sock:", host: "rkediplom.ru"
2024/03/04 03:07:43 [error] 1337#1337: *2851 upstream prematurely closed connection while reading response header from upstream, client: 176.53.217.73, server: rkediplom.ru, request: "GET /3ds1633693954432212 HTTP/1.1", upstream: "uwsgi://unix:///home/rkediplom/configs/rkediplom_uwsgi.sock:", host: "rkediplom.ru"
2024/03/04 03:07:43 [error] 1337#1337: *2851 upstream prematurely closed connection while reading response header from upstream, client: 176.53.217.73, server: rkediplom.ru, request: "GET /3ds1633693954432212 HTTP/1.1", upstream: "uwsgi://unix:///home/rkediplom/configs/rkediplom_uwsgi.sock:", host: "rkediplom.ru"
2024/03/04 03:07:43 [error] 1337#1337: *2851 upstream prematurely closed connection while reading response header from upstream, client: 176.53.217.73, server: rkediplom.ru, request: "GET /favicon.ico HTTP/1.1", upstream: "uwsgi://unix:///home/rkediplom/configs/rkediplom_uwsgi.sock:", host: "rkediplom.ru"
2024/03/04 03:07:44 [error] 1337#1337: *2851 upstream prematurely closed connection while reading response header from upstream, client: 176.53.217.73, server: rkediplom.ru, request: "GET /favicon.ico HTTP/1.1", upstream: "uwsgi://unix:///home/rkediplom/configs/rkediplom_uwsgi.sock:", host: "rkediplom.ru"
2024/03/04 03:18:22 [error] 1337#1337: *2906 upstream prematurely closed connection while reading response header from upstream, client: 5.255.231.102, server: rkediplom.ru, request: "GET /robots.txt HTTP/1.1", upstream: "uwsgi://unix:///home/rkediplom/configs/rkediplom_uwsgi.sock:", host: "rkediplom.ru"
2024/03/04 03:18:23 [error] 1337#1337: *2909 upstream prematurely closed connection while reading response header from upstream, client: 213.180.203.166, server: rkediplom.ru, request: "GET /robots.txt HTTP/1.1", upstream: "uwsgi://unix:///home/rkediplom/configs/rkediplom_uwsgi.sock:", host: "rkediplom.ru"
2024/03/04 03:37:45 [error] 1337#1337: *2917 upstream prematurely closed connection while reading response header from upstream, client: 103.14.26.206, server: rkediplom.ru, request: "GET /restore.php HTTP/1.1", upstream: "uwsgi://unix:///home/rkediplom/configs/rkediplom_uwsgi.sock:", host: "81.200.150.147"
2024/03/04 04:15:00 [error] 1337#1337: *2931 upstream prematurely closed connection while reading response header from upstream, client: 139.59.229.234, server: rkediplom.ru, request: "GET //wp-includes/wlwmanifest.xml HTTP/1.1", upstream: "uwsgi://unix:///home/rkediplom/configs/rkediplom_uwsgi.sock:", host: "rkediplom.ru"
2024/03/04 04:15:00 [error] 1337#1337: *2931 upstream prematurely closed connection while reading response header from upstream, client: 139.59.229.234, server: rkediplom.ru, request: "GET //xmlrpc.php?rsd HTTP/1.1", upstream: "uwsgi://unix:///home/rkediplom/configs/rkediplom_uwsgi.sock:", host: "rkediplom.ru"
2024/03/04 04:15:01 [error] 1337#1337: *2931 upstream prematurely closed connection while reading response header from upstream, client: 139.59.229.234, server: rkediplom.ru, request: "GET //blog/wp-includes/wlwmanifest.xml HTTP/1.1", upstream: "uwsgi://unix:///home/rkediplom/configs/rkediplom_uwsgi.sock:", host: "rkediplom.ru"
2024/03/04 04:15:01 [error] 1337#1337: *2931 upstream prematurely closed connection while reading response header from upstream, client: 139.59.229.234, server: rkediplom.ru, request: "GET //web/wp-includes/wlwmanifest.xml HTTP/1.1", upstream: "uwsgi://unix:///home/rkediplom/configs/rkediplom_uwsgi.sock:", host: "rkediplom.ru"
2024/03/04 04:15:01 [error] 1337#1337: *2931 upstream prematurely closed connection while reading response header from upstream, client: 139.59.229.234, server: rkediplom.ru, request: "GET //wordpress/wp-includes/wlwmanifest.xml HTTP/1.1", upstream: "uwsgi://unix:///home/rkediplom/configs/rkediplom_uwsgi.sock:", host: "rkediplom.ru"
2024/03/04 04:15:01 [error] 1337#1337: *2931 upstream prematurely closed connection while reading response header from upstream, client: 139.59.229.234, server: rkediplom.ru, request: "GET //website/wp-includes/wlwmanifest.xml HTTP/1.1", upstream: "uwsgi://unix:///home/rkediplom/configs/rkediplom_uwsgi.sock:", host: "rkediplom.ru"
2024/03/04 04:15:02 [error] 1337#1337: *2931 upstream prematurely closed connection while reading response header from upstream, client: 139.59.229.234, server: rkediplom.ru, request: "GET //wp/wp-includes/wlwmanifest.xml HTTP/1.1", upstream: "uwsgi://unix:///home/rkediplom/configs/rkediplom_uwsgi.sock:", host: "rkediplom.ru"
2024/03/04 04:15:02 [error] 1337#1337: *2931 upstream prematurely closed connection while reading response header from upstream, client: 139.59.229.234, server: rkediplom.ru, request: "GET //news/wp-includes/wlwmanifest.xml HTTP/1.1", upstream: "uwsgi://unix:///home/rkediplom/configs/rkediplom_uwsgi.sock:", host: "rkediplom.ru"
2024/03/04 04:15:02 [error] 1337#1337: *2931 upstream prematurely closed connection while reading response header from upstream, client: 139.59.229.234, server: rkediplom.ru, request: "GET //2018/wp-includes/wlwmanifest.xml HTTP/1.1", upstream: "uwsgi://unix:///home/rkediplom/configs/rkediplom_uwsgi.sock:", host: "rkediplom.ru"
2024/03/04 04:15:02 [error] 1337#1337: *2931 upstream prematurely closed connection while reading response header from upstream, client: 139.59.229.234, server: rkediplom.ru, request: "GET //2019/wp-includes/wlwmanifest.xml HTTP/1.1", upstream: "uwsgi://unix:///home/rkediplom/configs/rkediplom_uwsgi.sock:", host: "rkediplom.ru"
2024/03/04 04:15:03 [error] 1337#1337: *2931 upstream prematurely closed connection while reading response header from upstream, client: 139.59.229.234, server: rkediplom.ru, request: "GET //shop/wp-includes/wlwmanifest.xml HTTP/1.1", upstream: "uwsgi://unix:///home/rkediplom/configs/rkediplom_uwsgi.sock:", host: "rkediplom.ru"
2024/03/04 04:15:03 [error] 1337#1337: *2931 upstream prematurely closed connection while reading response header from upstream, client: 139.59.229.234, server: rkediplom.ru, request: "GET //wp1/wp-includes/wlwmanifest.xml HTTP/1.1", upstream: "uwsgi://unix:///home/rkediplom/configs/rkediplom_uwsgi.sock:", host: "rkediplom.ru"
2024/03/04 04:15:03 [error] 1337#1337: *2931 upstream prematurely closed connection while reading response header from upstream, client: 139.59.229.234, server: rkediplom.ru, request: "GET //test/wp-includes/wlwmanifest.xml HTTP/1.1", upstream: "uwsgi://unix:///home/rkediplom/configs/rkediplom_uwsgi.sock:", host: "rkediplom.ru"
2024/03/04 04:15:03 [error] 1337#1337: *2931 open() "/home/rkediplom/media/wp-includes/wlwmanifest.xml" failed (2: No such file or directory), client: 139.59.229.234, server: rkediplom.ru, request: "GET //media/wp-includes/wlwmanifest.xml HTTP/1.1", host: "rkediplom.ru"
2024/03/04 04:15:03 [error] 1337#1337: *2931 upstream prematurely closed connection while reading response header from upstream, client: 139.59.229.234, server: rkediplom.ru, request: "GET //wp2/wp-includes/wlwmanifest.xml HTTP/1.1", upstream: "uwsgi://unix:///home/rkediplom/configs/rkediplom_uwsgi.sock:", host: "rkediplom.ru"
2024/03/04 04:15:04 [error] 1337#1337: *2931 upstream prematurely closed connection while reading response header from upstream, client: 139.59.229.234, server: rkediplom.ru, request: "GET //site/wp-includes/wlwmanifest.xml HTTP/1.1", upstream: "uwsgi://unix:///home/rkediplom/configs/rkediplom_uwsgi.sock:", host: "rkediplom.ru"
2024/03/04 04:15:04 [error] 1337#1337: *2931 upstream prematurely closed connection while reading response header from upstream, client: 139.59.229.234, server: rkediplom.ru, request: "GET //cms/wp-includes/wlwmanifest.xml HTTP/1.1", upstream: "uwsgi://unix:///home/rkediplom/configs/rkediplom_uwsgi.sock:", host: "rkediplom.ru"
2024/03/04 04:15:04 [error] 1337#1337: *2931 upstream prematurely closed connection while reading response header from upstream, client: 139.59.229.234, server: rkediplom.ru, request: "GET //sito/wp-includes/wlwmanifest.xml HTTP/1.1", upstream: "uwsgi://unix:///home/rkediplom/configs/rkediplom_uwsgi.sock:", host: "rkediplom.ru"
